// Jest Snapshot v1, https://goo.gl/fbAQLP

exports[`matches snapshot 1`] = `
<DocumentFragment>
  .c2 {
  background: #fff;
  border: 2px solid var(--text-lightest);
  border-radius: 5px;
  padding: 1rem;
  font-size: 1.2rem;
  width: 100%;
  color: var(--text-primary);
  font-family: var(--font-family-mono);
}

.c0 {
  margin: 0;
  padding: 0;
  display: -webkit-box;
  display: -webkit-flex;
  display: -ms-flexbox;
  display: flex;
  -webkit-flex-flow: row nowrap;
  -ms-flex-flow: row nowrap;
  flex-flow: row nowrap;
  -webkit-align-items: stretch;
  -webkit-box-align: stretch;
  -ms-flex-align: stretch;
  align-items: stretch;
  -webkit-box-pack: stretch;
  -webkit-justify-content: stretch;
  -ms-flex-pack: stretch;
  justify-content: stretch;
}

.c0 .c1 {
  -webkit-flex: 1 1 auto;
  -ms-flex: 1 1 auto;
  flex: 1 1 auto;
  border-right: none;
  border-top-right-radius: 0;
  border-bottom-right-radius: 0;
  border-color: var(--text-lighter);
}

.c0 .c1:focus {
  outline: none;
  border-color: var(--text-secondary);
  border-right: none;
}

.c0 button {
  -webkit-flex: 0 0 auto;
  -ms-flex: 0 0 auto;
  flex: 0 0 auto;
  border: none;
  outline: none;
  border-top-right-radius: 5px;
  border-bottom-right-radius: 5px;
  background: var(--text-secondary);
  display: -webkit-box;
  display: -webkit-flex;
  display: -ms-flexbox;
  display: flex;
  -webkit-align-items: center;
  -webkit-box-align: center;
  -ms-flex-align: center;
  align-items: center;
  padding: 0 1.2rem;
  font-size: 18px;
  color: #fff;
  cursor: pointer;
}

.c0 button svg {
  display: block;
}

<form
    class="c0"
  >
    <input
      aria-label="IP Address input"
      class="c1 c2"
      placeholder="IP Address"
      value=""
    />
    <button
      aria-label="Search IP Address"
      type="submit"
    >
      <svg
        fill="currentColor"
        height="1em"
        stroke="currentColor"
        stroke-width="0"
        viewBox="0 0 512 512"
        width="1em"
        xmlns="http://www.w3.org/2000/svg"
      >
        <path
          d="M505 442.7L405.3 343c-4.5-4.5-10.6-7-17-7H372c27.6-35.3 44-79.7 44-128C416 93.1 322.9 0 208 0S0 93.1 0 208s93.1 208 208 208c48.3 0 92.7-16.4 128-44v16.3c0 6.4 2.5 12.5 7 17l99.7 99.7c9.4 9.4 24.6 9.4 33.9 0l28.3-28.3c9.4-9.4 9.4-24.6.1-34zM208 336c-70.7 0-128-57.2-128-128 0-70.7 57.2-128 128-128 70.7 0 128 57.2 128 128 0 70.7-57.2 128-128 128z"
        />
      </svg>
    </button>
  </form>
</DocumentFragment>
`;
