// Jest Snapshot v1, https://goo.gl/fbAQLP

exports[`matches snapshot 1`] = `
<DocumentFragment>
  .c1 {
  display: block;
  -webkit-animation: kTNbHI 3s linear infinite;
  animation: kTNbHI 3s linear infinite;
  background-color: var(--text-secondary);
  height: 100%;
}

.c0 {
  width: 100%;
  height: 5px;
  position: relative;
  background: var(--text-lightest);
  z-index: 200;
}

<div
    class="c0"
  >
    <span
      class="c1"
    />
  </div>
</DocumentFragment>
`;
