// Jest Snapshot v1, https://goo.gl/fbAQLP

exports[`matches snapshot 1`] = `
<DocumentFragment>
  .c0 {
  padding: 2rem 1rem;
  margin: 0;
  border-radius: 5px;
  background-color: var(--background-card);
}

.c1 {
  position: absolute;
  z-index: 50;
  min-width: 400px;
  box-shadow: 0px 3px 3px -2px rgba(0,0,0,0.2), 0px 3px 4px 0px rgba(0,0,0,0.14),0px 1px 8px 0px rgba(0,0,0,0.12);
}

.c3 {
  display: block;
  margin: 0;
  padding-bottom: 0.5rem;
  width: 100%;
  font-weight: 600;
}

.c5 {
  display: block;
  margin: 0;
  padding-bottom: 1rem;
  width: 100%;
}

.c2 {
  margin: 0;
  padding: 0;
  color: var(--text-primary);
}

.c2 .c4:last-of-type {
  padding-bottom: 0;
}

<div
    class="c0 c1"
  >
    <dl
      class="c2"
    >
      <dt
        class="c3"
      >
        IP
      </dt>
      <dd
        class="c4 c5"
      >
        2.2.2.2/18
      </dd>
      <dt
        class="c3"
      >
        Location
      </dt>
      <dd
        class="c4 c5"
      >
        France, Europe
      </dd>
      <dt
        class="c3"
      >
        Accuracy
      </dt>
      <dd
        class="c4 c5"
      >
        500km
      </dd>
      <dt
        class="c3"
      >
        Time Zone
      </dt>
      <dd
        class="c4 c5"
      >
        Europe/Paris
      </dd>
    </dl>
  </div>
</DocumentFragment>
`;
